// Jest Snapshot v1, https://goo.gl/fbAQLP

exports[`layout renders properly 1`] = `
<div class="main-container">
  <!---->
  <div class="menu menu-closed">
    <div class="menu-profile-links"><a to="/login">Login</a> <a to="/register">Register</a>
      <!---->
      <!---->
    </div>
    <div class="menu-main-links"><a to="/" exact="">
        Home
      </a>
      <!---->
    </div>
  </div>
  <div class="top-bar">
    <div class="menu-button">
      <div icon="[object Object]" style="font-size: 2rem;"></div>
    </div> <a to="/">
      <div class="logo">
        <div class="img-wrapper"><img src="/img/meat.jpg"></div>
        <div class="logo-text">
          <div>Beefboard</div>
          <div class="sub-heading">Your local beef</div>
        </div>
      </div>
    </a>
    <div class="links">
      <div class="main-link"><a to="/" exact="">
          Home
        </a>
        <!---->
      </div>
      <div class="profile-links"><a to="/login">Login</a> <a to="/register">Register</a>
        <!---->
        <!---->
      </div>
    </div>
  </div>
  <div class="top-bar-spacer"></div>
  <div></div>
</div>
`;
