// Jest Snapshot v1, https://goo.gl/fbAQLP

exports[`index renders properly 1`] = `
<div class="page-container">
  <div class="main-posts">
    <div class="title">Posts</div>
    <div class="posts">
      <!---->
      <div class="no-posts">
        <div>No new posts</div>
      </div>
    </div>
  </div>
  <div class="sidebar">
    <!---->
    <div class="info-message">
      No pinned posts
    </div>
    <div><a to="/posts/?pinned=true">
        More pinned posts
      </a></div>
  </div>
</div>
`;
