// Jest Snapshot v1, https://goo.gl/fbAQLP

exports[`index renders properly 1`] = `
<section class="container">
  <div class="main-posts">
    <div class="posts"></div>
  </div>
  <div class="sidebar">
    <div class="posts">
      <div class="post">
        tadsfsdf
      </div>
    </div> <a to="/posts/new">New story</a>
    <!---->
  </div>
</section>
`;
